// Jest Snapshot v1, https://goo.gl/fbAQLP

exports[`session topic box should set error message when there is one owner with two topics in the same slot (snapshot) 1`] = `
<div
  id="root1"
  ng-version="6.0.3"
>
  <div
    appeditbutton=""
    class="topic box draggable"
    id=""
  >
    <div
      class="content topic-content"
    >
      <div
        class="topic-header"
      >
        <div
          class="topic-title"
        >
          <span>
            <span
              class="fa fa-exclamation-triangle topic-error"
              data-tippy=""
            />
          </span>
          <strong>
            
          </strong>
        </div>
        <div
          class="topic-owner"
        >
          <small>
            Test
          </small>
        </div>
      </div>
      <p
        class="topic-description"
        hidden=""
      >
        
        <i>
          no description
        </i>
          
      </p>
    </div>
    <div
      class="topic-additional-informations"
    >
      <div
        class=""
      >
        
        <div
          class="topic-additional-information"
        >
          <span
            class="fa fa-star"
          />
          <div
            data-tippy=""
          >
            <span
              class="topic-ratings-value"
            >
              -
            </span>
          </div>
        </div>
      </div>
      
    </div>
    <div
      class="topic-buttons"
    >
      <p
        class="topic-description-expander"
      >
        
        <a>
          <i
            class="fa fa-expand"
          />
        </a>
        
      </p>
      <p
        class="topic-edit-button"
      >
        <a>
          <i
            class="fa fa-edit edit-button"
          />
        </a>
      </p>
    </div>
    
  </div>
</div>
`;
