// Jest Snapshot v1, https://goo.gl/fbAQLP

exports[`session topic box should set error message when there is one owner with two topics in the same slot (snapshot) 1`] = `
<div
  id="root1"
>
  <div
    appeditbutton=""
    class="topic box draggable"
    id="1"
  >
    <div
      class="topic-indicators"
    >
      
      
      
    </div>
    <div
      class="content topic-content"
    >
      <div
        class="topic-header"
      >
        <div
          class="topic-title"
        >
          <span
            aria-expanded="false"
          >
            <fa-icon
              class="ng-fa-icon topic-error"
            >
              <svg
                aria-hidden="true"
                class="svg-inline--fa fa-dummy"
                data-icon="dummy"
                data-prefix="fad"
                focusable="false"
                role="img"
                viewBox="0 0 512 512"
                xmlns="http://www.w3.org/2000/svg"
              >
                <path
                  d="M50 50 H462 V462 H50 Z"
                  fill="currentColor"
                />
              </svg>
            </fa-icon>
          </span>
          <strong>
            
          </strong>
        </div>
        <div
          class="topic-owner"
        >
          <small>
            Test
          </small>
        </div>
      </div>
      <p
        class="topic-description"
        hidden=""
      >
        <i>
          no description
        </i>
        
          
      </p>
    </div>
    <div
      class="topic-additional-informations"
    >
      <div>
        
        <div
          class="topic-additional-information"
        >
          <div
            aria-expanded="false"
          >
            <fa-icon
              class="ng-fa-icon"
            >
              <svg
                aria-hidden="true"
                class="svg-inline--fa fa-dummy"
                data-icon="dummy"
                data-prefix="fad"
                focusable="false"
                role="img"
                viewBox="0 0 512 512"
                xmlns="http://www.w3.org/2000/svg"
              >
                <path
                  d="M50 50 H462 V462 H50 Z"
                  fill="currentColor"
                />
              </svg>
            </fa-icon>
            <span
              class="topic-ratings-value"
            >
              -
            </span>
          </div>
        </div>
      </div>
      
    </div>
    <div
      class="topic-buttons"
    >
      
      <p
        class="topic-edit-button"
      >
        <a>
          <fa-icon
            class="ng-fa-icon edit-button"
          >
            <svg
              aria-hidden="true"
              class="svg-inline--fa fa-dummy"
              data-icon="dummy"
              data-prefix="fad"
              focusable="false"
              role="img"
              viewBox="0 0 512 512"
              xmlns="http://www.w3.org/2000/svg"
            >
              <path
                d="M50 50 H462 V462 H50 Z"
                fill="currentColor"
              />
            </svg>
          </fa-icon>
        </a>
        
        <a>
          <fa-icon
            class="ng-fa-icon edit-button"
          >
            <svg
              aria-hidden="true"
              class="svg-inline--fa fa-dummy"
              data-icon="dummy"
              data-prefix="fad"
              focusable="false"
              role="img"
              viewBox="0 0 512 512"
              xmlns="http://www.w3.org/2000/svg"
            >
              <path
                d="M50 50 H462 V462 H50 Z"
                fill="currentColor"
              />
            </svg>
          </fa-icon>
          
          
        </a>
      </p>
    </div>
    
  </div>
</div>
`;
